// Jest Snapshot v1, https://goo.gl/fbAQLP

exports[`YourComponentName should render correctly 1`] = `
<div
  className="text"
>
  Hello world
</div>
`;
